system {
  ntp {
      peer 1.1.1.1;
      peer 2.2.2.2;
      peer 3.3.3.3;
      peer 4.4.4.4;
      peer 5.5.5.5;
      peer 6.6.6.6;
      peer 7.7.7.7;
      peer 8.8.8.8;
      peer 9.9.9.9;
      peer 1.1.1.1;
      peer 2.2.2.2;
      peer 3.3.3.3;
      peer 4.4.4.4;
      peer 5.5.5.5;
      peer 6.6.6.6;
      peer 7.7.7.7;
      peer 8.8.8.8;
      peer 9.9.9.9;
      peer 1.1.1.1;
      peer 2.2.2.2;
      peer 3.3.3.3;
      peer 4.4.4.4;
      peer 5.5.5.5;
      peer 6.6.6.6;
      peer 7.7.7.7;
      peer 8.8.8.8;
      peer 9.9.9.9;
      peer 1.1.1.1;
      peer 2.2.2.2;
      peer 3.3.3.3;
      peer 4.4.4.4;
      peer 5.5.5.5;
      peer 6.6.6.6;
      peer 7.7.7.7;
      peer 8.8.8.8;
      peer 9.9.9.9;
      peer 1.1.1.1;
      peer 2.2.2.2;
      peer 3.3.3.3;
      peer 4.4.4.4;
      peer 5.5.5.5;
      peer 6.6.6.6;
      peer 7.7.7.7;
      peer 8.8.8.8;
      peer 9.9.9.9;
      peer 1.1.1.1;
      peer 2.2.2.2;
      peer 3.3.3.3;
      peer 4.4.4.4;
      peer 5.5.5.5;
      peer 6.6.6.6;
      peer 7.7.7.7;
      peer 8.8.8.8;
      peer 9.9.9.9;
      peer 1.1.1.1;
      peer 2.2.2.2;
      peer 3.3.3.3;
      peer 4.4.4.4;
      peer 5.5.5.5;
      peer 6.6.6.6;
      peer 7.7.7.7;
      peer 8.8.8.8;
      peer 9.9.9.9;
      peer 1.1.1.1;
      peer 2.2.2.2;
      peer 3.3.3.3;
      peer 4.4.4.4;
      peer 5.5.5.5;
      peer 6.6.6.6;
      peer 7.7.7.7;
      peer 8.8.8.8;
      peer 9.9.9.9;
      peer 1.1.1.1;
      peer 2.2.2.2;
      peer 3.3.3.3;
      peer 4.4.4.4;
      peer 5.5.5.5;
      peer 6.6.6.6;
      peer 7.7.7.7;
      peer 8.8.8.8;
      peer 9.9.9.9;
      peer 1.1.1.1;
      peer 2.2.2.2;
      peer 3.3.3.3;
      peer 4.4.4.4;
      peer 5.5.5.5;
      peer 6.6.6.6;
      peer 7.7.7.7;
      peer 8.8.8.8;
      peer 9.9.9.9;
      peer 1.1.1.1;
      peer 2.2.2.2;
      peer 3.3.3.3;
      peer 4.4.4.4;
      peer 5.5.5.5;
      peer 6.6.6.6;
      peer 7.7.7.7;
      peer 8.8.8.8;
      peer 9.9.9.9;
      peer 1.1.1.1;
      peer 2.2.2.2;
      peer 3.3.3.3;
      peer 4.4.4.4;
      peer 5.5.5.5;
      peer 6.6.6.6;
      peer 7.7.7.7;
      peer 8.8.8.8;
      peer 9.9.9.9;
      peer 1.1.1.1;
      peer 2.2.2.2;
      peer 3.3.3.3;
      peer 4.4.4.4;
      peer 5.5.5.5;
      peer 6.6.6.6;
      peer 7.7.7.7;
      peer 8.8.8.8;
      peer 9.9.9.9;
      peer 1.1.1.1;
      peer 2.2.2.2;
      peer 3.3.3.3;
      peer 4.4.4.4;
      peer 5.5.5.5;
      peer 6.6.6.6;
      peer 7.7.7.7;
      peer 8.8.8.8;
      peer 9.9.9.9;
      peer 1.1.1.1;
      peer 2.2.2.2;
      peer 3.3.3.3;
      peer 4.4.4.4;
      peer 5.5.5.5;
      peer 6.6.6.6;
      peer 7.7.7.7;
      peer 8.8.8.8;
      peer 9.9.9.9;
      peer 1.1.1.1;
      peer 2.2.2.2;
      peer 3.3.3.3;
      peer 4.4.4.4;
      peer 5.5.5.5;
      peer 6.6.6.6;
      peer 7.7.7.7;
      peer 8.8.8.8;
      peer 9.9.9.9;
      peer 1.1.1.1;
      peer 2.2.2.2;
      peer 3.3.3.3;
      peer 4.4.4.4;
      peer 5.5.5.5;
      peer 6.6.6.6;
      peer 7.7.7.7;
      peer 8.8.8.8;
      peer 9.9.9.9;
      peer 1.1.1.1;
      peer 2.2.2.2;
      peer 3.3.3.3;
      peer 4.4.4.4;
      peer 5.5.5.5;
      peer 6.6.6.6;
      peer 7.7.7.7;
      peer 8.8.8.8;
      peer 9.9.9.9;
      peer 1.1.1.1;
      peer 2.2.2.2;
      peer 3.3.3.3;
      peer 4.4.4.4;
      peer 5.5.5.5;
      peer 6.6.6.6;
      peer 7.7.7.7;
      peer 8.8.8.8;
      peer 9.9.9.9;
      peer 1.1.1.1;
      peer 2.2.2.2;
      peer 3.3.3.3;
      peer 4.4.4.4;
      peer 5.5.5.5;
      peer 6.6.6.6;
      peer 7.7.7.7;
      peer 8.8.8.8;
      peer 9.9.9.9;
      peer 1.1.1.1;
      peer 2.2.2.2;
      peer 3.3.3.3;
      peer 4.4.4.4;
      peer 5.5.5.5;
      peer 6.6.6.6;
      peer 7.7.7.7;
      peer 8.8.8.8;
      peer 9.9.9.9;
      peer 1.1.1.1;
      peer 2.2.2.2;
      peer 3.3.3.3;
      peer 4.4.4.4;
      peer 5.5.5.5;
      peer 6.6.6.6;
      peer 7.7.7.7;
      peer 8.8.8.8;
      peer 9.9.9.9;
      peer 1.1.1.1;
      peer 2.2.2.2;
      peer 3.3.3.3;
      peer 4.4.4.4;
      peer 5.5.5.5;
      peer 6.6.6.6;
      peer 7.7.7.7;
      peer 8.8.8.8;
      peer 9.9.9.9;
      peer 1.1.1.1;
      peer 2.2.2.2;
      peer 3.3.3.3;
      peer 4.4.4.4;
      peer 5.5.5.5;
      peer 6.6.6.6;
      peer 7.7.7.7;
      peer 8.8.8.8;
      peer 9.9.9.9;
      peer 1.1.1.1;
      peer 2.2.2.2;
      peer 3.3.3.3;
      peer 4.4.4.4;
      peer 5.5.5.5;
      peer 6.6.6.6;
      peer 7.7.7.7;
      peer 8.8.8.8;
      peer 9.9.9.9;
      peer 1.1.1.1;
      peer 2.2.2.2;
      peer 3.3.3.3;
      peer 4.4.4.4;
      peer 5.5.5.5;
      peer 6.6.6.6;
      peer 7.7.7.7;
      peer 8.8.8.8;
      peer 9.9.9.9;
      peer 1.1.1.1;
      peer 2.2.2.2;
      peer 3.3.3.3;
      peer 4.4.4.4;
      peer 5.5.5.5;
      peer 6.6.6.6;
      peer 7.7.7.7;
      peer 8.8.8.8;
      peer 9.9.9.9;
      peer 1.1.1.1;
      peer 2.2.2.2;
      peer 3.3.3.3;
      peer 4.4.4.4;
      peer 5.5.5.5;
      peer 6.6.6.6;
      peer 7.7.7.7;
      peer 8.8.8.8;
      peer 9.9.9.9;
      peer 1.1.1.1;
      peer 2.2.2.2;
      peer 3.3.3.3;
      peer 4.4.4.4;
      peer 5.5.5.5;
      peer 6.6.6.6;
      peer 7.7.7.7;
      peer 8.8.8.8;
      peer 9.9.9.9;
      peer 1.1.1.1;
      peer 2.2.2.2;
      peer 3.3.3.3;
      peer 4.4.4.4;
      peer 5.5.5.5;
      peer 6.6.6.6;
      peer 7.7.7.7;
      peer 8.8.8.8;
      peer 9.9.9.9;
      peer 1.1.1.1;
      peer 2.2.2.2;
      peer 3.3.3.3;
      peer 4.4.4.4;
      peer 5.5.5.5;
      peer 6.6.6.6;
      peer 7.7.7.7;
      peer 8.8.8.8;
      peer 9.9.9.9;
      peer 1.1.1.1;
      peer 2.2.2.2;
      peer 3.3.3.3;
      peer 4.4.4.4;
      peer 5.5.5.5;
      peer 6.6.6.6;
      peer 7.7.7.7;
      peer 8.8.8.8;
      peer 9.9.9.9;
      peer 1.1.1.1;
      peer 2.2.2.2;
      peer 3.3.3.3;
      peer 4.4.4.4;
      peer 5.5.5.5;
      peer 6.6.6.6;
      peer 7.7.7.7;
      peer 8.8.8.8;
      peer 9.9.9.9;
      peer 1.1.1.1;
      peer 2.2.2.2;
      peer 3.3.3.3;
      peer 4.4.4.4;
      peer 5.5.5.5;
      peer 6.6.6.6;
      peer 7.7.7.7;
      peer 8.8.8.8;
      peer 9.9.9.9;
      peer 1.1.1.1;
      peer 2.2.2.2;
      peer 3.3.3.3;
      peer 4.4.4.4;
      peer 5.5.5.5;
      peer 6.6.6.6;
      peer 7.7.7.7;
      peer 8.8.8.8;
      peer 9.9.9.9;
      peer 1.1.1.1;
      peer 2.2.2.2;
      peer 3.3.3.3;
      peer 4.4.4.4;
      peer 5.5.5.5;
      peer 6.6.6.6;
      peer 7.7.7.7;
      peer 8.8.8.8;
      peer 9.9.9.9;
      peer 1.1.1.1;
      peer 2.2.2.2;
      peer 3.3.3.3;
      peer 4.4.4.4;
      peer 5.5.5.5;
      peer 6.6.6.6;
      peer 7.7.7.7;
      peer 8.8.8.8;
      peer 9.9.9.9;
      peer 1.1.1.1;
      peer 2.2.2.2;
      peer 3.3.3.3;
      peer 4.4.4.4;
      peer 5.5.5.5;
      peer 6.6.6.6;
      peer 7.7.7.7;
      peer 8.8.8.8;
      peer 9.9.9.9;
      peer 1.1.1.1;
      peer 2.2.2.2;
      peer 3.3.3.3;
      peer 4.4.4.4;
      peer 5.5.5.5;
      peer 6.6.6.6;
      peer 7.7.7.7;
      peer 8.8.8.8;
      peer 9.9.9.9;
      peer 1.1.1.1;
      peer 2.2.2.2;
      peer 3.3.3.3;
      peer 4.4.4.4;
      peer 5.5.5.5;
      peer 6.6.6.6;
      peer 7.7.7.7;
      peer 8.8.8.8;
      peer 9.9.9.9;
      peer 1.1.1.1;
      peer 2.2.2.2;
      peer 3.3.3.3;
      peer 4.4.4.4;
      peer 5.5.5.5;
      peer 6.6.6.6;
      peer 7.7.7.7;
      peer 8.8.8.8;
      peer 9.9.9.9;
      peer 1.1.1.1;
      peer 2.2.2.2;
      peer 3.3.3.3;
      peer 4.4.4.4;
      peer 5.5.5.5;
      peer 6.6.6.6;
      peer 7.7.7.7;
      peer 8.8.8.8;
      peer 9.9.9.9;
      peer 1.1.1.1;
      peer 2.2.2.2;
      peer 3.3.3.3;
      peer 4.4.4.4;
      peer 5.5.5.5;
      peer 6.6.6.6;
      peer 7.7.7.7;
      peer 8.8.8.8;
      peer 9.9.9.9;
  }
}
